// Jest Snapshot v1, https://goo.gl/fbAQLP

exports[`should render PlanetHomePage correctly 1`] = `
<div
  className="home-page"
>
  <div>
    <Connect(PlanetHeader) />
    <Connect(PlanetCount) />
    <div
      className="content-container"
    >
      <Connect(PlanetFilters) />
      <Connect(PlanetList) />
    </div>
  </div>
</div>
`;
